// Jest Snapshot v1, https://goo.gl/fbAQLP

exports[`WelcomeHome Should match the snapshot 1`] = `
<div
  className="cardsContainer"
/>
`;
