// Jest Snapshot v1, https://goo.gl/fbAQLP

exports[`WelcomeHome Should match the snapshot 1`] = `
<div
  className="App"
>
  <section
    className="container"
  >
    <section
      className="sidebar"
    >
      <h1>
        SWAPIBox
      </h1>
      <i
        class="fab fa-galactic-senate"
      />
      <button
        class="active"
        onClick={[MockFunction]}
        value="people"
      >
        People
      </button>
      <button
        onClick={[MockFunction]}
        value="planets"
      >
        Planets
      </button>
      <button
        onClick={[MockFunction]}
        value="vehicles"
      >
        Vehicles
      </button>
      <button>
        Films
      </button>
      <button>
        Species
      </button>
      <button>
        Starships
      </button>
    </section>
    <section>
      <header>
        <div
          className="scroll-right"
        >
          <p>
            May the force be with you...
          </p>
          <button>
            View 
            <span />
             Favorites  
            <i
              class="far fa-heart"
            />
          </button>
        </div>
      </header>
      <main
        className="scroll-up"
      >
        <p>
          It is a period of civil war.Rebel spaceships, striking from a hidden base, have won their first victory against the evil Galactic Empire. During the battle, Rebel spies managed to steal secret plans to the Empire's ultimate weapon, the DEATHSTAR, an armored space station with enough power to destroy an entire planet.Pursued by the Empire's sinister agents, Princess Leia races home aboard her starship, custodian of the stolen plans that can save her people and restore freedom to the galaxy.... A New Hope 1977-05-25
        </p>
      </main>
    </section>
  </section>
</div>
`;
